<?xml version="1.0" encoding="UTF-8"?>
<testsuites name="jest tests" tests="156" failures="0" errors="0" time="10.157">
  <testsuite name="tests/frontend/app.extended.test.js" errors="0" failures="0" skipped="0" timestamp="2025-11-08T18:31:13" time="0.64" tests="20">
    <testcase classname="Frontend - Extended Coverage › UI Interactions" name="Show register form" time="0.025">
    </testcase>
    <testcase classname="Frontend - Extended Coverage › UI Interactions" name="Show login form from register" time="0.01">
    </testcase>
    <testcase classname="Frontend - Extended Coverage › UI Interactions" name="Show new task modal" time="0.01">
    </testcase>
    <testcase classname="Frontend - Extended Coverage › UI Interactions" name="Close task modal" time="0.008">
    </testcase>
    <testcase classname="Frontend - Extended Coverage › UI Interactions" name="Logout functionality" time="0.008">
    </testcase>
    <testcase classname="Frontend - Extended Coverage › Filter interactions" name="Status filter change" time="0.008">
    </testcase>
    <testcase classname="Frontend - Extended Coverage › Filter interactions" name="Date filters" time="0.007">
    </testcase>
    <testcase classname="Frontend - Extended Coverage › Filter interactions" name="Search filter" time="0.005">
    </testcase>
    <testcase classname="Frontend - Extended Coverage › Filter interactions" name="Clear filters" time="0.007">
    </testcase>
    <testcase classname="Frontend - Extended Coverage › Admin functionality" name="Show all tasks button for admin" time="0.008">
    </testcase>
    <testcase classname="Frontend - Extended Coverage › Admin functionality" name="Toggle between all tasks and my tasks" time="0.005">
    </testcase>
    <testcase classname="Frontend - Extended Coverage › Stats display" name="Display task stats" time="0.005">
    </testcase>
    <testcase classname="Frontend - Extended Coverage › Task list rendering" name="Render empty task list" time="0.005">
    </testcase>
    <testcase classname="Frontend - Extended Coverage › Task list rendering" name="Render tasks" time="0.014">
    </testcase>
    <testcase classname="Frontend - Extended Coverage › Form validation" name="Task form has required fields" time="0.004">
    </testcase>
    <testcase classname="Frontend - Extended Coverage › Form validation" name="Login form has fields" time="0.004">
    </testcase>
    <testcase classname="Frontend - Extended Coverage › Form validation" name="Register form has fields" time="0.004">
    </testcase>
    <testcase classname="Frontend - Extended Coverage › Error message display" name="Show error message" time="0.006">
    </testcase>
    <testcase classname="Frontend - Extended Coverage › Error message display" name="Hide error message" time="0.006">
    </testcase>
    <testcase classname="Frontend - Extended Coverage › File attachment handling" name="File input exists" time="0.006">
    </testcase>
  </testsuite>
  <testsuite name="tests/integration/tasks.advanced.test.js" errors="0" failures="0" skipped="0" timestamp="2025-11-08T18:31:14" time="1.112" tests="20">
    <testcase classname="Tasks Routes - Stats and Advanced Features › GET /api/tasks/stats" name="✅ User gets their own stats" time="0.01">
    </testcase>
    <testcase classname="Tasks Routes - Stats and Advanced Features › GET /api/tasks/stats" name="✅ Admin can get all stats" time="0.005">
    </testcase>
    <testcase classname="Tasks Routes - Stats and Advanced Features › GET /api/tasks/stats" name="✅ Stats with status filter" time="0.004">
    </testcase>
    <testcase classname="Tasks Routes - Stats and Advanced Features › GET /api/tasks/stats" name="✅ Stats with date filters" time="0.005">
    </testcase>
    <testcase classname="Tasks Routes - Stats and Advanced Features › GET /api/tasks/stats" name="✅ Stats with search filter" time="0.005">
    </testcase>
    <testcase classname="Tasks Routes - Stats and Advanced Features › GET /api/tasks with filters" name="✅ Filter by completed status" time="0.004">
    </testcase>
    <testcase classname="Tasks Routes - Stats and Advanced Features › GET /api/tasks with filters" name="✅ Filter by pending status" time="0.003">
    </testcase>
    <testcase classname="Tasks Routes - Stats and Advanced Features › GET /api/tasks with filters" name="✅ Filter by start date" time="0.004">
    </testcase>
    <testcase classname="Tasks Routes - Stats and Advanced Features › GET /api/tasks with filters" name="✅ Filter by end date" time="0.004">
    </testcase>
    <testcase classname="Tasks Routes - Stats and Advanced Features › GET /api/tasks with filters" name="✅ Search in tasks" time="0.004">
    </testcase>
    <testcase classname="Tasks Routes - Stats and Advanced Features › GET /api/tasks with filters" name="✅ Multiple filters combined" time="0.004">
    </testcase>
    <testcase classname="Tasks Routes - Stats and Advanced Features › GET /api/tasks/all with filters" name="✅ Admin can get all tasks with filters" time="0.008">
    </testcase>
    <testcase classname="Tasks Routes - Stats and Advanced Features › GET /api/tasks/all with filters" name="✅ Admin can search all tasks" time="0.004">
    </testcase>
    <testcase classname="Tasks Routes - Stats and Advanced Features › POST /api/tasks - Attachments" name="✅ Create task with attachment" time="0.01">
    </testcase>
    <testcase classname="Tasks Routes - Stats and Advanced Features › POST /api/tasks - Attachments" name="❌ Create task without title returns 400" time="0.004">
    </testcase>
    <testcase classname="Tasks Routes - Stats and Advanced Features › PUT /api/tasks/:id - with attachments" name="✅ Update task with new attachment" time="0.011">
    </testcase>
    <testcase classname="Tasks Routes - Stats and Advanced Features › DELETE /api/tasks/:id/attachments/:attachmentId" name="✅ Delete attachment from task" time="0.006">
    </testcase>
    <testcase classname="Tasks Routes - Stats and Advanced Features › DELETE /api/tasks/:id/attachments/:attachmentId" name="❌ Delete attachment from non-existent task" time="0.003">
    </testcase>
    <testcase classname="Tasks Routes - Stats and Advanced Features › DELETE /api/tasks/:id/attachments/:attachmentId" name="❌ Delete non-existent attachment" time="0.004">
    </testcase>
    <testcase classname="Tasks Routes - Stats and Advanced Features › DELETE /api/tasks/:id/attachments/:attachmentId" name="❌ Cannot delete attachment from other user task" time="0.086">
    </testcase>
  </testsuite>
  <testsuite name="tests/unit/user.model.test.js" errors="0" failures="0" skipped="0" timestamp="2025-11-08T18:31:15" time="1.32" tests="20">
    <testcase classname="User Model › create" name="✅ Creates a user successfully" time="0.077">
    </testcase>
    <testcase classname="User Model › create" name="✅ Creates an admin user" time="0.075">
    </testcase>
    <testcase classname="User Model › findByUsername" name="✅ Finds existing user" time="0.078">
    </testcase>
    <testcase classname="User Model › findByUsername" name="✅ Returns undefined for non-existent user" time="0.001">
    </testcase>
    <testcase classname="User Model › findByEmail" name="✅ Finds existing user by email" time="0.077">
    </testcase>
    <testcase classname="User Model › findByEmail" name="✅ Returns undefined for non-existent email" time="0.001">
    </testcase>
    <testcase classname="User Model › findById" name="✅ Finds existing user by ID" time="0.077">
    </testcase>
    <testcase classname="User Model › findById" name="✅ Returns undefined for non-existent ID" time="0.001">
    </testcase>
    <testcase classname="User Model › findAll" name="✅ Returns array of users" time="0.002">
    </testcase>
    <testcase classname="User Model › update" name="✅ Updates username" time="0.078">
    </testcase>
    <testcase classname="User Model › update" name="✅ Updates email" time="0.075">
    </testcase>
    <testcase classname="User Model › update" name="✅ Updates role" time="0.076">
    </testcase>
    <testcase classname="User Model › update" name="✅ Updates multiple fields" time="0.076">
    </testcase>
    <testcase classname="User Model › update" name="✅ Ignores invalid role" time="0.076">
    </testcase>
    <testcase classname="User Model › update" name="✅ Trims whitespace from username" time="0.076">
    </testcase>
    <testcase classname="User Model › update" name="✅ Returns null if no fields to update" time="0.077">
    </testcase>
    <testcase classname="User Model › update" name="✅ Returns null if only empty strings" time="0.076">
    </testcase>
    <testcase classname="User Model › update" name="✅ Handles non-string values gracefully" time="0.075">
    </testcase>
    <testcase classname="User Model › deleteById" name="✅ Deletes user successfully" time="0.076">
    </testcase>
    <testcase classname="User Model › deleteById" name="✅ Returns 0 changes for non-existent user" time="0.001">
    </testcase>
  </testsuite>
  <testsuite name="tests/unit/task.model.test.js" errors="0" failures="0" skipped="0" timestamp="2025-11-08T18:31:16" time="0.426" tests="20">
    <testcase classname="Task Model - Filters and Stats › findByUserId with filters" name="✅ Filter by status: completed" time="0.003">
    </testcase>
    <testcase classname="Task Model - Filters and Stats › findByUserId with filters" name="✅ Filter by status: not completed" time="0.001">
    </testcase>
    <testcase classname="Task Model - Filters and Stats › findByUserId with filters" name="✅ Filter by start date" time="0.001">
    </testcase>
    <testcase classname="Task Model - Filters and Stats › findByUserId with filters" name="✅ Filter by end date" time="0.001">
    </testcase>
    <testcase classname="Task Model - Filters and Stats › findByUserId with filters" name="✅ Filter by date range" time="0.001">
    </testcase>
    <testcase classname="Task Model - Filters and Stats › findByUserId with filters" name="✅ Search in title and description" time="0.001">
    </testcase>
    <testcase classname="Task Model - Filters and Stats › findByUserId with filters" name="✅ Combine multiple filters" time="0.001">
    </testcase>
    <testcase classname="Task Model - Filters and Stats › findAll with filters" name="✅ Get all tasks with filter" time="0.001">
    </testcase>
    <testcase classname="Task Model - Filters and Stats › findAll with filters" name="✅ Search across all tasks" time="0.001">
    </testcase>
    <testcase classname="Task Model - Filters and Stats › getStatsByUserId" name="✅ Get stats for user" time="0.002">
    </testcase>
    <testcase classname="Task Model - Filters and Stats › getStatsByUserId" name="✅ Stats with filters" time="0.001">
    </testcase>
    <testcase classname="Task Model - Filters and Stats › getStatsByUserId" name="✅ Stats with date range" time="0.001">
    </testcase>
    <testcase classname="Task Model - Filters and Stats › getStatsForAll" name="✅ Get global stats" time="0.002">
    </testcase>
    <testcase classname="Task Model - Filters and Stats › getStatsForAll" name="✅ Global stats with filters" time="0.001">
    </testcase>
    <testcase classname="Task Model - Filters and Stats › getStatsForAll" name="✅ Global stats with search" time="0.001">
    </testcase>
    <testcase classname="Task Model - Filters and Stats › toggleComplete" name="✅ Toggle task completion" time="0.003">
    </testcase>
    <testcase classname="Task Model - Filters and Stats › update" name="✅ Update task" time="0.002">
    </testcase>
    <testcase classname="Task Model - Filters and Stats › delete" name="✅ Delete task" time="0.002">
    </testcase>
    <testcase classname="Task Model - Filters and Stats › findById" name="✅ Returns null for non-existent task" time="0.001">
    </testcase>
    <testcase classname="Task Model - Filters and Stats › findById" name="✅ Returns task with attachments" time="0.002">
    </testcase>
  </testsuite>
  <testsuite name="tests/integration/users.routes.test.js" errors="0" failures="0" skipped="0" timestamp="2025-11-08T18:31:17" time="0.63" tests="18">
    <testcase classname="Users Routes (Integration, Admin Only) › GET /api/users" name="✅ Admin can get all users" time="0.008">
    </testcase>
    <testcase classname="Users Routes (Integration, Admin Only) › GET /api/users" name="❌ Regular user cannot access" time="0.004">
    </testcase>
    <testcase classname="Users Routes (Integration, Admin Only) › GET /api/users" name="❌ Unauthenticated request fails" time="0.003">
    </testcase>
    <testcase classname="Users Routes (Integration, Admin Only) › PUT /api/users/:id" name="✅ Admin can update user username" time="0.005">
    </testcase>
    <testcase classname="Users Routes (Integration, Admin Only) › PUT /api/users/:id" name="✅ Admin can update user email" time="0.005">
    </testcase>
    <testcase classname="Users Routes (Integration, Admin Only) › PUT /api/users/:id" name="✅ Admin can update user role" time="0.008">
    </testcase>
    <testcase classname="Users Routes (Integration, Admin Only) › PUT /api/users/:id" name="❌ Invalid user ID returns 400" time="0.004">
    </testcase>
    <testcase classname="Users Routes (Integration, Admin Only) › PUT /api/users/:id" name="❌ Empty username returns 400" time="0.003">
    </testcase>
    <testcase classname="Users Routes (Integration, Admin Only) › PUT /api/users/:id" name="❌ Empty email returns 400" time="0.007">
    </testcase>
    <testcase classname="Users Routes (Integration, Admin Only) › PUT /api/users/:id" name="❌ No data to update returns 400" time="0.004">
    </testcase>
    <testcase classname="Users Routes (Integration, Admin Only) › PUT /api/users/:id" name="❌ Invalid role returns 400" time="0.004">
    </testcase>
    <testcase classname="Users Routes (Integration, Admin Only) › PUT /api/users/:id" name="❌ Non-existent user returns 404" time="0.005">
    </testcase>
    <testcase classname="Users Routes (Integration, Admin Only) › PUT /api/users/:id" name="❌ Duplicate username returns 400" time="0.008">
    </testcase>
    <testcase classname="Users Routes (Integration, Admin Only) › DELETE /api/users/:id" name="✅ Admin can delete user" time="0.083">
    </testcase>
    <testcase classname="Users Routes (Integration, Admin Only) › DELETE /api/users/:id" name="❌ Invalid user ID returns 400" time="0.004">
    </testcase>
    <testcase classname="Users Routes (Integration, Admin Only) › DELETE /api/users/:id" name="❌ Cannot delete own account" time="0.006">
    </testcase>
    <testcase classname="Users Routes (Integration, Admin Only) › DELETE /api/users/:id" name="❌ Non-existent user returns 404" time="0.004">
    </testcase>
    <testcase classname="Users Routes (Integration, Admin Only) › DELETE /api/users/:id" name="❌ Regular user cannot delete" time="0.003">
    </testcase>
  </testsuite>
  <testsuite name="tests/integration/tasks.errors.test.js" errors="0" failures="0" skipped="0" timestamp="2025-11-08T18:31:17" time="0.823" tests="16">
    <testcase classname="Tasks Routes - Error Handling › PATCH /api/tasks/:id/complete" name="❌ Cannot complete non-existent task" time="0.006">
    </testcase>
    <testcase classname="Tasks Routes - Error Handling › PATCH /api/tasks/:id/complete" name="❌ Cannot complete other user task" time="0.087">
    </testcase>
    <testcase classname="Tasks Routes - Error Handling › PATCH /api/tasks/:id/complete" name="✅ User can complete their own task" time="0.01">
    </testcase>
    <testcase classname="Tasks Routes - Error Handling › DELETE /api/tasks/:id" name="❌ Cannot delete non-existent task" time="0.004">
    </testcase>
    <testcase classname="Tasks Routes - Error Handling › DELETE /api/tasks/:id" name="❌ Cannot delete other user task" time="0.087">
    </testcase>
    <testcase classname="Tasks Routes - Error Handling › DELETE /api/tasks/:id" name="✅ User can delete their own task" time="0.01">
    </testcase>
    <testcase classname="Tasks Routes - Error Handling › PUT /api/tasks/:id" name="❌ Cannot update non-existent task" time="0.004">
    </testcase>
    <testcase classname="Tasks Routes - Error Handling › PUT /api/tasks/:id" name="❌ Cannot update other user task" time="0.087">
    </testcase>
    <testcase classname="Tasks Routes - Error Handling › GET /api/tasks/all" name="❌ Regular user cannot access all tasks" time="0.004">
    </testcase>
    <testcase classname="Tasks Routes - Error Handling › GET /api/tasks/all" name="✅ Admin can access all tasks" time="0.005">
    </testcase>
    <testcase classname="Tasks Routes - Error Handling › Authentication required" name="❌ GET /api/tasks without token" time="0.003">
    </testcase>
    <testcase classname="Tasks Routes - Error Handling › Authentication required" name="❌ POST /api/tasks without token" time="0.002">
    </testcase>
    <testcase classname="Tasks Routes - Error Handling › Authentication required" name="❌ PUT /api/tasks/:id without token" time="0.002">
    </testcase>
    <testcase classname="Tasks Routes - Error Handling › Authentication required" name="❌ DELETE /api/tasks/:id without token" time="0.003">
    </testcase>
    <testcase classname="Tasks Routes - Error Handling › Authentication required" name="❌ PATCH /api/tasks/:id/complete without token" time="0.003">
    </testcase>
    <testcase classname="Tasks Routes - Error Handling › Authentication required" name="❌ GET /api/tasks/stats without token" time="0.003">
    </testcase>
  </testsuite>
  <testsuite name="tests/integration/auth.routes.test.js" errors="0" failures="0" skipped="0" timestamp="2025-11-08T18:31:18" time="0.891" tests="13">
    <testcase classname="Auth Routes - Edge Cases and Validations › POST /api/auth/register" name="✅ Successful registration" time="0.096">
    </testcase>
    <testcase classname="Auth Routes - Edge Cases and Validations › POST /api/auth/register" name="❌ Missing username" time="0.004">
    </testcase>
    <testcase classname="Auth Routes - Edge Cases and Validations › POST /api/auth/register" name="❌ Missing email" time="0.004">
    </testcase>
    <testcase classname="Auth Routes - Edge Cases and Validations › POST /api/auth/register" name="❌ Missing password" time="0.003">
    </testcase>
    <testcase classname="Auth Routes - Edge Cases and Validations › POST /api/auth/register" name="❌ Password too short" time="0.003">
    </testcase>
    <testcase classname="Auth Routes - Edge Cases and Validations › POST /api/auth/register" name="❌ Duplicate username" time="0.083">
    </testcase>
    <testcase classname="Auth Routes - Edge Cases and Validations › POST /api/auth/register" name="❌ Duplicate email" time="0.082">
    </testcase>
    <testcase classname="Auth Routes - Edge Cases and Validations › POST /api/auth/login" name="✅ Successful login" time="0.082">
    </testcase>
    <testcase classname="Auth Routes - Edge Cases and Validations › POST /api/auth/login" name="❌ Missing username" time="0.007">
    </testcase>
    <testcase classname="Auth Routes - Edge Cases and Validations › POST /api/auth/login" name="❌ Missing password" time="0.003">
    </testcase>
    <testcase classname="Auth Routes - Edge Cases and Validations › POST /api/auth/login" name="❌ Non-existent user" time="0.004">
    </testcase>
    <testcase classname="Auth Routes - Edge Cases and Validations › POST /api/auth/login" name="❌ Wrong password" time="0.08">
    </testcase>
    <testcase classname="Auth Routes - Edge Cases and Validations › Admin user login" name="✅ Admin can login" time="0.079">
    </testcase>
  </testsuite>
  <testsuite name="tests/integration/tasks.update.int.test.js" errors="0" failures="0" skipped="0" timestamp="2025-11-08T18:31:19" time="1.199" tests="4">
    <testcase classname="Tasks UPDATE (PUT /api/tasks/:id)" name="✅ El propietario puede actualizar su propia task" time="0.191">
    </testcase>
    <testcase classname="Tasks UPDATE (PUT /api/tasks/:id)" name="❌ Un usuario NO puede actualizar la task de otro usuario (403)" time="0.332">
    </testcase>
    <testcase classname="Tasks UPDATE (PUT /api/tasks/:id)" name="🛂 Un admin SÍ puede actualizar la task de otro usuario" time="0.244">
    </testcase>
    <testcase classname="Tasks UPDATE (PUT /api/tasks/:id)" name="🧹 Validación: update con payload inválido devuelve 400" time="0.166">
    </testcase>
  </testsuite>
  <testsuite name="tests/frontend/app.tasks.edge.test.js" errors="0" failures="0" skipped="0" timestamp="2025-11-08T18:31:20" time="0.467" tests="3">
    <testcase classname="Tasks – casos edge" name="si /api/tasks devuelve arreglo vacío, se muestra estado &quot;sin tareas&quot;" time="0.123">
    </testcase>
    <testcase classname="Tasks – casos edge" name="renderiza una lista grande sin romper (100 ítems)" time="0.113">
    </testcase>
    <testcase classname="Tasks – casos edge" name="si /api/tasks devuelve 500, muestra estado de error y no rompe" time="0.074">
    </testcase>
  </testsuite>
  <testsuite name="tests/frontend/app.login.errors.test.js" errors="0" failures="0" skipped="0" timestamp="2025-11-08T18:31:21" time="0.223" tests="3">
    <testcase classname="Login – manejo de errores" name="si la API devuelve 401, muestra error y permanece en login" time="0.023">
    </testcase>
    <testcase classname="Login – manejo de errores" name="no envía si usuario o password están vacíos" time="0.017">
    </testcase>
    <testcase classname="Login – manejo de errores" name="si el servidor devuelve 500, muestra mensaje de error y permanece en login" time="0.026">
    </testcase>
  </testsuite>
  <testsuite name="tests/unit/tasks.controller.errors.test.js" errors="0" failures="0" skipped="0" timestamp="2025-11-08T18:31:21" time="0.65" tests="6">
    <testcase classname="Tasks controller – manejo de errores" name="PUT /api/tasks/:id responde 500 si update lanza error" time="0.103">
    </testcase>
    <testcase classname="Tasks controller – manejo de errores" name="POST /api/tasks devuelve 400 si falta title" time="0.083">
    </testcase>
    <testcase classname="Tasks controller – manejo de errores" name="PUT /api/tasks/:id devuelve 404 si no existe" time="0.083">
    </testcase>
    <testcase classname="Tasks controller – manejo de errores" name="GET /api/tasks sin token → 401" time="0.004">
    </testcase>
    <testcase classname="Tasks controller – manejo de errores" name="GET /api/tasks/:id con id inválido devuelve 400/404" time="0.087">
    </testcase>
    <testcase classname="Tasks controller – manejo de errores" name="PUT /api/tasks/:id sin token devuelve 401" time="0.004">
    </testcase>
  </testsuite>
  <testsuite name="tests/integration/tasks.controller.test.js" errors="0" failures="0" skipped="0" timestamp="2025-11-08T18:31:22" time="0.506" tests="5">
    <testcase classname="Tasks Controller CRUD (Integration, AAA)" name="CREATE task" time="0.013">
    </testcase>
    <testcase classname="Tasks Controller CRUD (Integration, AAA)" name="GET all tasks" time="0.007">
    </testcase>
    <testcase classname="Tasks Controller CRUD (Integration, AAA)" name="GET task by ID" time="0.01">
    </testcase>
    <testcase classname="Tasks Controller CRUD (Integration, AAA)" name="UPDATE task" time="0.021">
    </testcase>
    <testcase classname="Tasks Controller CRUD (Integration, AAA)" name="DELETE task" time="0.014">
    </testcase>
  </testsuite>
  <testsuite name="tests/unit/auth.middleware.test.js" errors="0" failures="0" skipped="0" timestamp="2025-11-08T18:31:22" time="0.175" tests="3">
    <testcase classname="Auth Middleware (AAA)" name="✅ Token válido → next()" time="0.003">
    </testcase>
    <testcase classname="Auth Middleware (AAA)" name="❌ Sin token → 401" time="0.002">
    </testcase>
    <testcase classname="Auth Middleware (AAA)" name="❌ Token inválido → 401" time="0.002">
    </testcase>
  </testsuite>
  <testsuite name="tests/frontend/app.flow.test.js" errors="0" failures="0" skipped="0" timestamp="2025-11-08T18:31:23" time="0.177" tests="1">
    <testcase classname="Flujo simple: login → muestra Tasks" name="al loguear OK, oculta login y muestra tasks" time="0.017">
    </testcase>
  </testsuite>
  <testsuite name="tests/frontend/app.render.test.js" errors="0" failures="0" skipped="0" timestamp="2025-11-08T18:31:23" time="0.19" tests="2">
    <testcase classname="UI render básico (index.html)" name="muestra el título TikTask y el form de login" time="0.023">
    </testcase>
    <testcase classname="UI render básico (index.html)" name="tiene los elementos clave de la vista de tareas" time="0.014">
    </testcase>
  </testsuite>
  <testsuite name="tests/unit/admin.middleware.test.js" errors="0" failures="0" skipped="0" timestamp="2025-11-08T18:31:23" time="0.174" tests="2">
    <testcase classname="adminMiddleware" name="pasa si role=admin" time="0.003">
    </testcase>
    <testcase classname="adminMiddleware" name="bloquea si no es admin" time="0.002">
    </testcase>
  </testsuite>
</testsuites>